post_url,account,post_id
https://www.instagram.com/p/ABC123/,natgeo,ABC123
https://www.instagram.com/p/DEF456/,nasa,DEF456